<?xml version='1.0' encoding='utf-8'?>
<Server port="11805" shutdown="SHUTDOWN">
  <Listener className="org.apache.catalina.core.AprLifecycleListener" />
  <Listener className="org.apache.catalina.core.JasperListener" />
  <Listener className="org.apache.catalina.mbeans.ServerLifecycleListener" />
  <Listener className="org.apache.catalina.mbeans.GlobalResourcesLifecycleListener" />
  <GlobalNamingResources>
    <Resource name="UserDatabase" auth="Container" type="org.apache.catalina.UserDatabase" description="User database that can be updated and saved" factory="org.apache.catalina.users.MemoryUserDatabaseFactory" pathname="conf/tomcat-users.xml" />
  </GlobalNamingResources>

  <Service name="Catalina">
    <Connector port="11880" protocol="HTTP/1.1" connectionTimeout="20000" redirectPort="11843" />

    <Connector port="11809" protocol="AJP/1.3" 
               maxThreads="200" redirectPort="11843" />
    
    <Engine name="Catalina" defaultHost="localhost" jvmRoute="tc6_foobar">
      <Realm className="org.apache.catalina.realm.UserDatabaseRealm" resourceName="UserDatabase"/>

      <Host name="test-foobar6.foo.bar" autoDeploy="false" deployOnStartup="false">
        <Valve className="org.apache.catalina.valves.AccessLogValve" directory="logs" prefix="test-foobar6." suffix=".txt" pattern="common" resolveHosts="false" />

        <Context path="" docBase="/tmp/foobar6.foo.bar/webapps/ROOT" reloadable="false" >

        </Context>
      </Host> 

      <Host name="localhost" appBase="webapps" unpackWARs="true" autoDeploy="true" xmlValidation="false" xmlNamespaceAware="false">
        <Context path="" docBase="/usr/share/tomcat6/webapps/ROOT"/>
      </Host>
    </Engine>
  </Service>
</Server>
