<?xml version='1.0' encoding='utf-8'?>
<Server port="11405" shutdown="SHUTDOWN">
  <Listener className="org.apache.catalina.core.AprLifecycleListener" />
  <Listener className="org.apache.catalina.core.JasperListener" />
  <Listener className="org.apache.catalina.core.JreMemoryLeakPreventionListener" />
  <Listener className="org.apache.catalina.mbeans.GlobalResourcesLifecycleListener" />
  <Listener className="org.apache.catalina.core.ThreadLocalLeakPreventionListener" />
  <GlobalNamingResources>
    <Resource name="UserDatabase" auth="Container" type="org.apache.catalina.UserDatabase" description="User database that can be updated and saved" factory="org.apache.catalina.users.MemoryUserDatabaseFactory" pathname="conf/tomcat-users.xml" />
  </GlobalNamingResources>

  <Service name="Catalina">
    <Connector port="11480" protocol="HTTP/1.1" connectionTimeout="20000" redirectPort="11443" />

    <Connector port="11409" protocol="AJP/1.3" 
               maxThreads="200" redirectPort="11443" />
    
    <Engine name="Catalina" defaultHost="localhost" jvmRoute="foobar">

      <Host name="test-foobar7.foo.bar" autoDeploy="false" deployOnStartup="false">
        <Valve className="org.apache.catalina.valves.AccessLogValve" directory="logs" prefix="test-foobar7." suffix=".txt" pattern="common" resolveHosts="false" />

        <Context path="" docBase="/tmp/foobar7.foo.bar/webapps/ROOT" reloadable="false" >

          <!-- mysql -->
          <Resource name="jdbc/puppet_db"
            type="javax.sql.DataSource" auth="Container" validationQuery="SELECT 1"
            maxWait="20000"
            maxActive="10"
            maxIdle="2"
            initialSize="1"
            driverClassName="com.mysql.jdbc.Driver"
            url="jdbc:mysql://mymymsqlserver.foo.bar:3306/foo_puppet"
            username="puppet"
            password="bnasdad" />
  
          <Resource name="jdbc/puppet_mysql"
            type="javax.sql.DataSource" auth="Container" validationQuery="SELECT 1"
            maxWait="20000"
            maxActive="100"
            maxIdle="20"
            initialSize="5"
            driverClassName="com.mysql.jdbc.Driver"
            url="jdbc:mysql://mysql.foo.bar:3308/foo_puppet2"
            username="puppet"
            password="doajdla" />
  

          <!-- oracle -->
          <Resource
            name="jdbc/puppet_db"
            auth="Container"
            type="javax.sql.DataSource"
            driverClassName="oracle.jdbc.OracleDriver"
            url="jdbc:oracle:oci:@T1337"
            username="puppet-oracle"
            password="bnW$asdads"
            maxActive="20"
            maxIdle="4"
            maxWait="-1"
            validationQuery="SELECT 1 FROM DUAL" />
  

          <!-- ldap -->
          <Resource name="ldap/idm_puppet" auth="Container" type="org.springframework.ldap.core.support.LdapContextSource"
            url="ldap://adam.your.comp:50333"
            factory="net.CHANGEME.web.base.jndi.ldap.LdapObjectFactory"
            base="DC=IDM-APPID-190,DC=CHANGEME,DC=LOCAL"
            pooled="true"
            useRDn="CN=IMP-IDM-APPID-190_R,OU=IDM,DC=IDM-APPID-190,DC=CHANGEME,DC=LOCAL"
            password="testlka8asdj" />
  

        </Context>
      </Host> 

      <Host name="localhost" appBase="webapps" unpackWARs="true" autoDeploy="true" xmlValidation="false" xmlNamespaceAware="false">
        <Context path="" docBase="/usr/share/tomcat7/webapps/ROOT"/>
      </Host>
        <Realm className="org.apache.catalina.realm.LockOutRealm">
          <Realm className="org.apache.catalina.realm.UserDatabaseRealm"
                 resourceName="UserDatabase" digest="SHA"/>
        </Realm>
    </Engine>
  </Service>
</Server>
